// Jest Snapshot v1, https://goo.gl/fbAQLP

exports[`Renders the Home page 1`] = `
<div
  className="home-body"
>
  <h1>
    Welcome to My Calculator!
     
  </h1>
  <p>
    Hi!
     
    This calculator has been done as a project to learn more about how React.js works. You can go ahead and
     
    try it out!
  </p>
  <p>
    This is the source code:
     
    <a
      href="https://github.com/cgcarlosg/app-calculator1978"
      rel="noreferrer"
      target="_blank"
    >
      Github Calculator
    </a>
  </p>
</div>
`;
