// Jest Snapshot v1, https://goo.gl/fbAQLP

exports[`Renders the Quote page 1`] = `
<div
  className="quote-body"
>
  <h1>
    <q
      className="quote"
    >
      There are many men of principle in both parties in America, but there is no party of principle.
    </q>
    <div
      className="author"
    >
      âŽ¯ Alexis de Tocqueville
    </div>
  </h1>
</div>
`;
